------------------------------------------------------------
Timing Analyzer Summary
------------------------------------------------------------

Type  : Slow 1100mV 85C Model Setup 'clk'
Slack : -2.705
TNS   : -215.046

Type  : Slow 1100mV 85C Model Hold 'clk'
Slack : 0.376
TNS   : 0.000

Type  : Slow 1100mV 85C Model Minimum Pulse Width 'clk'
Slack : -0.394
TNS   : -55.468

Type  : Slow 1100mV 0C Model Setup 'clk'
Slack : -2.605
TNS   : -213.997

Type  : Slow 1100mV 0C Model Hold 'clk'
Slack : 0.393
TNS   : 0.000

Type  : Slow 1100mV 0C Model Minimum Pulse Width 'clk'
Slack : -0.394
TNS   : -60.391

Type  : Fast 1100mV 85C Model Setup 'clk'
Slack : -1.136
TNS   : -83.925

Type  : Fast 1100mV 85C Model Hold 'clk'
Slack : 0.182
TNS   : 0.000

Type  : Fast 1100mV 85C Model Minimum Pulse Width 'clk'
Slack : -0.081
TNS   : -8.232

Type  : Fast 1100mV 0C Model Setup 'clk'
Slack : -0.958
TNS   : -69.907

Type  : Fast 1100mV 0C Model Hold 'clk'
Slack : 0.173
TNS   : 0.000

Type  : Fast 1100mV 0C Model Minimum Pulse Width 'clk'
Slack : -0.080
TNS   : -8.295

------------------------------------------------------------
