------------------------------------------------------------
Timing Analyzer Summary
------------------------------------------------------------

Type  : Slow 1100mV 85C Model Setup 'clk'
Slack : -0.155
TNS   : -0.350

Type  : Slow 1100mV 85C Model Hold 'clk'
Slack : 0.233
TNS   : 0.000

Type  : Slow 1100mV 85C Model Minimum Pulse Width 'clk'
Slack : -0.394
TNS   : -6.287

Type  : Slow 1100mV 0C Model Setup 'clk'
Slack : -0.195
TNS   : -0.278

Type  : Slow 1100mV 0C Model Hold 'clk'
Slack : 0.217
TNS   : 0.000

Type  : Slow 1100mV 0C Model Minimum Pulse Width 'clk'
Slack : -0.394
TNS   : -6.865

Type  : Fast 1100mV 85C Model Setup 'clk'
Slack : 0.321
TNS   : 0.000

Type  : Fast 1100mV 85C Model Hold 'clk'
Slack : 0.137
TNS   : 0.000

Type  : Fast 1100mV 85C Model Minimum Pulse Width 'clk'
Slack : -0.078
TNS   : -0.914

Type  : Fast 1100mV 0C Model Setup 'clk'
Slack : 0.367
TNS   : 0.000

Type  : Fast 1100mV 0C Model Hold 'clk'
Slack : 0.125
TNS   : 0.000

Type  : Fast 1100mV 0C Model Minimum Pulse Width 'clk'
Slack : -0.078
TNS   : -0.920

------------------------------------------------------------
